# Secrets Baseline for detect-secrets
# This file contains known secrets that should be ignored by security scanning

# Example format:
# backend/app/modules/auth/services.py:123:Base64 High Entropy String
# frontend/apps/web/.env.development:1:Base64 High Entropy String

# Add any legitimate secrets here that should be excluded from scanning
# Format: file_path:line_number:secret_type
